  ✓  Perfil compatible con la cámara conectada.
======================================================================
SISTEMA DE VISIÓN — Vision-Rover-Challenge · protocolo v2
Entrada: cámara Logitech C270 (1280x720)
[vision] detector=ArUco3 con respaldo clasico (subpixel en resolucion original)
Cancha: 43x43 celdas de 20 mm
Comandos: ready | stop | abort | quit   (de READY a RUNNING pasa solo)
======================================================================
[publicacion] escuchando en el puerto 2026 a 20 Hz
[cliente] conectado 127.0.0.1:54752
[latencia ms promedio/max] lectura=13/19 entrada=68/103 marcadores=638/1001 cubos=354/729 proceso=994/1256 vista=75/133 al_publicar=1062/1316
[estado] fase=IDLE cuadros=5 fallos=0 emitidos=108 clientes=1 pisados=0 fps=10.1 edad=1070 ms conservados=0/0 acopio=0/3 duplicados=0 rechazados=0
[aviso] identidades de rover demoradas hasta sostenerse 5 cuadros: ID 10 llegó a 4 cuadro(s). Es lo normal al poner un robot en la cancha —se paga una vez, unos 494 ms— y es lo que impide que un fantasma invente un rover que no existe. Ninguna quedó esperando.
[cliente] desconectado 127.0.0.1:54752 (enviados=140 pisados=0)
[latencia ms promedio/max] lectura=10/12 entrada=72/108 marcadores=475/708 cubos=268/319 proceso=746/1010 vista=54/58 al_publicar=818/1096
[estado] fase=IDLE cuadros=11 fallos=0 emitidos=205 clientes=0 pisados=0 fps=10.0 edad=434 ms conservados=0/0 acopio=0/3 duplicados=0 rechazados=0
[latencia ms promedio/max] lectura=11/18 entrada=57/81 marcadores=518/875 cubos=262/324 proceso=784/1149 vista=53/62 al_publicar=841/1191
[estado] fase=IDLE cuadros=17 fallos=0 emitidos=307 clientes=0 pisados=0 fps=10.0 edad=1239 ms conservados=0/0 acopio=0/3 duplicados=0 rechazados=0
[latencia ms promedio/max] lectura=10/13 entrada=70/101 marcadores=576/781 cubos=361/727 proceso=940/1405 vista=57/68 al_publicar=1011/1507
[estado] fase=IDLE cuadros=22 fallos=0 emitidos=408 clientes=0 pisados=0 fps=10.0 edad=573 ms conservados=0/0 acopio=0/3 duplicados=0 rechazados=0
[latencia ms promedio/max] lectura=12/23 entrada=68/106 marcadores=776/1181 cubos=254/272 proceso=1033/1440 vista=48/53 al_publicar=1102/1543
[estado] fase=IDLE cuadros=27 fallos=0 emitidos=517 clientes=0 pisados=0 fps=10.0 edad=1061 ms conservados=0/0 acopio=0/3 duplicados=0 rechazados=0
[latencia ms promedio/max] lectura=15/21 entrada=52/71 marcadores=403/1089 cubos=398/688 proceso=806/1365 vista=77/178 al_publicar=859/1405
[estado] fase=IDLE cuadros=32 fallos=0 emitidos=608 clientes=0 pisados=0 fps=10.0 edad=450 ms conservados=0/0 acopio=0/3 duplicados=0 rechazados=0
[aviso] marcadores vistos que NO son ni esquina ni rover declarado, y por eso se descartan: [17]. Si alguno es un robot de verdad, hay que agregarlo a deteccion_rovers.ids_rover; si no, son detecciones falsas de la cuadrícula.
[latencia ms promedio/max] lectura=10/14 entrada=58/94 marcadores=456/678 cubos=245/255 proceso=705/930 vista=56/76 al_publicar=764/1002
[estado] fase=IDLE cuadros=38 fallos=0 emitidos=700 clientes=0 pisados=0 fps=10.0 edad=997 ms conservados=0/0 acopio=0/3 duplicados=0 rechazados=0
[aviso] falta un marcador de esquina: se ven 3, y se viene conservando la geometría hace 1 cuadros (desvío 0.11 mm). Las coordenadas siguen siendo válidas.
[latencia ms promedio/max] lectura=10/14 entrada=81/120 marcadores=604/846 cubos=245/256 proceso=851/1083 vista=50/51 al_publicar=933/1132
[estado] fase=IDLE cuadros=44 fallos=0 emitidos=810 clientes=0 pisados=0 fps=10.0 edad=1067 ms conservados=0/0 acopio=0/3 duplicados=0 rechazados=0
[latencia ms promedio/max] lectura=9/10 entrada=69/93 marcadores=663/671 cubos=241/249 proceso=908/923 vista=50/51 al_publicar=978/1011
[estado] fase=IDLE cuadros=49 fallos=0 emitidos=907 clientes=0 pisados=0 fps=10.0 edad=1013 ms conservados=0/0 acopio=0/3 duplicados=0 rechazados=0
[latencia ms promedio/max] lectura=9/12 entrada=54/89 marcadores=326/1023 cubos=255/321 proceso=584/1349 vista=52/73 al_publicar=639/1379
[estado] fase=IDLE cuadros=57 fallos=0 emitidos=1010 clientes=0 pisados=0 fps=10.0 edad=1091 ms conservados=0/0 acopio=0/3 duplicados=0 rechazados=0
[latencia ms promedio/max] lectura=9/11 entrada=64/106 marcadores=264/673 cubos=234/243 proceso=502/905 vista=48/52 al_publicar=567/1012
[estado] fase=IDLE cuadros=65 fallos=0 emitidos=1100 clientes=0 pisados=0 fps=10.0 edad=379 ms conservados=0/0 acopio=0/3 duplicados=0 rechazados=0
[latencia ms promedio/max] lectura=11/17 entrada=56/102 marcadores=98/820 cubos=271/315 proceso=372/1083 vista=57/77 al_publicar=429/1114
[estado] fase=IDLE cuadros=77 fallos=0 emitidos=1206 clientes=0 pisados=0 fps=10.0 edad=466 ms conservados=0/0 acopio=0/3 duplicados=0 rechazados=0
[latencia ms promedio/max] lectura=9/12 entrada=70/108 marcadores=35/103 cubos=256/480 proceso=294/514 vista=49/57 al_publicar=364/582
[estado] fase=IDLE cuadros=91 fallos=0 emitidos=1304 clientes=0 pisados=0 fps=10.0 edad=416 ms conservados=0/0 acopio=0/3 duplicados=0 rechazados=0
[latencia ms promedio/max] lectura=9/11 entrada=62/106 marcadores=27/32 cubos=221/233 proceso=251/261 vista=45/48 al_publicar=313/347
[estado] fase=IDLE cuadros=107 fallos=0 emitidos=1402 clientes=0 pisados=0 fps=10.0 edad=383 ms conservados=0/0 acopio=0/3 duplicados=0 rechazados=0
[latencia ms promedio/max] lectura=8/11 entrada=77/105 marcadores=68/668 cubos=216/239 proceso=287/910 vista=44/51 al_publicar=363/1011
[estado] fase=IDLE cuadros=122 fallos=0 emitidos=1504 clientes=0 pisados=0 fps=10.0 edad=388 ms conservados=0/0 acopio=0/3 duplicados=0 rechazados=0
[latencia ms promedio/max] lectura=9/10 entrada=78/105 marcadores=123/608 cubos=221/238 proceso=346/831 vista=45/51 al_publicar=424/929
[estado] fase=IDLE cuadros=134 fallos=0 emitidos=1600 clientes=0 pisados=0 fps=10.0 edad=390 ms conservados=0/0 acopio=0/3 duplicados=0 rechazados=0
[latencia ms promedio/max] lectura=9/10 entrada=73/102 marcadores=112/623 cubos=214/237 proceso=329/849 vista=43/56 al_publicar=402/941
[estado] fase=IDLE cuadros=148 fallos=0 emitidos=1707 clientes=0 pisados=0 fps=10.0 edad=931 ms conservados=0/0 acopio=0/3 duplicados=0 rechazados=0
[latencia ms promedio/max] lectura=3/7 entrada=62/111 marcadores=23/208 cubos=65/109 proceso=89/265 vista=18/40 al_publicar=150/297
[estado] fase=IDLE cuadros=190 fallos=0 emitidos=1800 clientes=0 pisados=0 fps=10.0 edad=171 ms conservados=0/0 acopio=0/3 duplicados=0 rechazados=0
[latencia ms promedio/max] lectura=3/7 entrada=41/111 marcadores=34/229 cubos=60/82 proceso=95/282 vista=17/29 al_publicar=136/323
[estado] fase=IDLE cuadros=234 fallos=0 emitidos=1901 clientes=0 pisados=0 fps=10.0 edad=123 ms conservados=0/0 acopio=0/3 duplicados=0 rechazados=0
[latencia ms promedio/max] lectura=3/5 entrada=55/109 marcadores=49/214 cubos=60/112 proceso=110/275 vista=16/20 al_publicar=166/370
[estado] fase=IDLE cuadros=274 fallos=0 emitidos=2004 clientes=0 pisados=0 fps=10.0 edad=314 ms conservados=0/0 acopio=0/3 duplicados=0 rechazados=0
[aviso] marcadores vistos que NO son ni esquina ni rover declarado, y por eso se descartan: [17, 37]. Si alguno es un robot de verdad, hay que agregarlo a deteccion_rovers.ids_rover; si no, son detecciones falsas de la cuadrícula.
[latencia ms promedio/max] lectura=4/9 entrada=45/97 marcadores=150/595 cubos=86/219 proceso=238/816 vista=24/56 al_publicar=283/838
[estado] fase=IDLE cuadros=292 fallos=0 emitidos=2100 clientes=0 pisados=0 fps=10.0 edad=886 ms conservados=0/0 acopio=0/3 duplicados=0 rechazados=0
[latencia ms promedio/max] lectura=8/9 entrada=42/120 marcadores=62/568 cubos=217/223 proceso=282/794 vista=51/62 al_publicar=324/847
[estado] fase=IDLE cuadros=307 fallos=0 emitidos=2203 clientes=0 pisados=0 fps=10.0 edad=318 ms conservados=0/0 acopio=0/3 duplicados=0 rechazados=0
[latencia ms promedio/max] lectura=8/10 entrada=46/90 marcadores=179/625 cubos=219/251 proceso=400/845 vista=49/55 al_publicar=446/885
[estado] fase=IDLE cuadros=318 fallos=0 emitidos=2304 clientes=0 pisados=0 fps=10.0 edad=361 ms conservados=0/0 acopio=0/3 duplicados=0 rechazados=0
[latencia ms promedio/max] lectura=8/9 entrada=55/75 marcadores=181/596 cubos=226/278 proceso=409/820 vista=49/61 al_publicar=465/888
[estado] fase=IDLE cuadros=329 fallos=0 emitidos=2406 clientes=0 pisados=0 fps=10.0 edad=895 ms conservados=0/0 acopio=0/3 duplicados=0 rechazados=0
[latencia ms promedio/max] lectura=9/10 entrada=45/113 marcadores=198/617 cubos=225/263 proceso=426/838 vista=52/61 al_publicar=471/912
[estado] fase=IDLE cuadros=339 fallos=0 emitidos=2504 clientes=0 pisados=0 fps=10.0 edad=364 ms conservados=0/0 acopio=0/3 duplicados=0 rechazados=0
[aviso] marcadores vistos que NO son ni esquina ni rover declarado, y por eso se descartan: [37]. Si alguno es un robot de verdad, hay que agregarlo a deteccion_rovers.ids_rover; si no, son detecciones falsas de la cuadrícula.
[latencia ms promedio/max] lectura=8/9 entrada=60/103 marcadores=106/692 cubos=218/260 proceso=327/958 vista=48/59 al_publicar=388/980
[estado] fase=IDLE cuadros=354 fallos=0 emitidos=2619 clientes=0 pisados=0 fps=10.0 edad=1029 ms conservados=0/0 acopio=0/3 duplicados=0 rechazados=0
[latencia ms promedio/max] lectura=9/14 entrada=60/88 marcadores=91/717 cubos=228/301 proceso=322/1021 vista=53/64 al_publicar=382/1110
[estado] fase=IDLE cuadros=365 fallos=0 emitidos=2704 clientes=0 pisados=0 fps=10.0 edad=369 ms conservados=0/0 acopio=0/3 duplicados=0 rechazados=0
